// Jest Snapshot v1, https://goo.gl/fbAQLP

exports[`Link component is styled 1`] = `
.c0 {
  font-family: "Josefin Sans",sans-serif;
  -webkit-transition: all 0.2s ease-in-out;
  transition: all 0.2s ease-in-out;
  color: #026CB6;
  -webkit-text-decoration: underline;
  text-decoration: underline;
  display: block;
  text-align: center;
}

.c0:hover {
  font-size: 1.2rem;
  color: #E55982;
}

<a
  className="c0"
/>
`;
