// Jest Snapshot v1, https://goo.gl/fbAQLP

exports[`Paragraph component is styled 1`] = `
.c0 {
  text-align: center;
  line-height: 1.2;
}

<p
  className="c0"
/>
`;
