// Jest Snapshot v1, https://goo.gl/fbAQLP

exports[`BackIcon component is styled 1`] = `
.c0 {
  border-radius: 100%;
  border: none;
  background-color: #026CB6;
  width: 2.5rem;
  height: 2.5rem;
  cursor: pointer;
}

<button
  aria-label="Go back to previous page"
  className="c0"
  onClick={[Function]}
>
  <svg
    aria-hidden={true}
    className="MuiSvgIcon-root makeStyles-root-1"
    focusable="false"
    viewBox="0 0 24 24"
  >
    <path
      d="M20 11H7.83l5.59-5.59L12 4l-8 8 8 8 1.41-1.41L7.83 13H20v-2z"
    />
  </svg>
</button>
`;
